Using input region raster: test/gsen6331/full.tif
      input graph file: test/gsen6331/full_evg-a_fp1.pickle
  Start: (42.32343, -70.99428)
    End: (42.336, -70.88737)
Incorporating forces into energy cost:
  u: test/gsen6331/waterMag.tif
  v: test/gsen6331/waterDir.tif
Done solving with a*, 124.00064039230347 seconds
Planning results (with currents):
    Distance: 11.9613 km
    Duration: 39.8710 min
    Cost: 262.4711
