Using input region raster: test/gsen6331/full.tif
      input graph file: test/gsen6331/full_uni.pickle
  Start: (42.32343, -70.99428)
    End: (42.336, -70.88737)
Incorporating forces into energy cost:
  u: test/gsen6331/waterMag.tif
  v: test/gsen6331/waterDir.tif
Done solving with a*, 232.75233244895935 seconds
Planning results (with currents):
    Distance: 12.4842 km
    Duration: 41.6139 min
    Cost: 231.6063
