Using input region raster: test/gsen6331/full.tif
      input graph file: test/gsen6331/full_evg-b_fp1.pickle
  Start: (42.32343, -70.99428)
    End: (42.336, -70.88737)
Incorporating forces into energy cost:
  u: test/gsen6331/waterMag.tif
  v: test/gsen6331/waterDir.tif
Done solving with a*, 221.7360167503357 seconds
Planning results (with currents):
    Distance: 9.6835 km
    Duration: 32.2784 min
    Cost: 259.0397
