Using input region raster: test/gsen6331/full.tif
      input graph file: test/gsen6331/full_vg_fp1.pickle
  Start: (42.32343, -70.99428)
    End: (42.336, -70.88737)
Incorporating forces into energy cost:
  u: test/gsen6331/waterMag.tif
  v: test/gsen6331/waterDir.tif
Done solving with a*, 109.02866673469543 seconds
Planning results (with currents):
    Distance: 11.0484 km
    Duration: 36.8280 min
    Cost: 308.1304
