Using input region raster: test/gsen6331/full.tif
      input graph file: test/gsen6331/full_uni.pickle
  Start: (42.32343, -70.99428)
    End: (42.336, -70.88737)
